.parent child {
    test: test;
}
.parent_child {
    test: test;
}
grandparent .parent {
    test: test;
}
grandparent_.parent {
    test: test;
}

