.col-1-4 {
    width: 160;
}
.col-2-4 {
    width: 320;
}
.col-3-4 {
    width: 480;
}
.col-4-4 {
    width: 640;
}
.text_test {
    test: test640;
}
