.grid-1-2 {
    test: test;
}
.grid-1-1 {
    test: test;
}
.grid-2-2 {
    test: test;
}
.grid-2-1 {
    test: test;
}
.grid-3-2 {
    test: test;
}
.grid-3-1 {
    test: test;
}
.test {
    loop: test;
}
