.test {
    test: 1;
}
.test {
    test: "string with \" symbol ";
}
.container {
    test: test;
}
tag[attribute="attr"] {
    test: test;
}
